<?xml version="1.0" encoding="UTF-8"?>
<testsuites name="jest tests" tests="4" failures="0" errors="0" time="27.317">
  <testsuite name="blockByHeight function- suite test block service" errors="0" failures="0" skipped="3" timestamp="2022-04-22T17:47:47" time="22.618" tests="4">
    <testcase classname="blockByHeight function- suite test block service blockByHeight - block testing error, passing -1 number" name="blockByHeight function- suite test block service blockByHeight - block testing error, passing -1 number" time="0">
      <skipped/>
    </testcase>
    <testcase classname="blockByHeight function- suite test block service blockbyHeight - block testing error, passing i32Max " name="blockByHeight function- suite test block service blockbyHeight - block testing error, passing i32Max " time="0">
      <skipped/>
    </testcase>
    <testcase classname="blockByHeight function- suite test block service blockByHeight- receive number 10 param to get fetch" name="blockByHeight function- suite test block service blockByHeight- receive number 10 param to get fetch" time="0">
      <skipped/>
    </testcase>
    <testcase classname="actualHeight function - suite test block service actualHeight - see height block from node " name="actualHeight function - suite test block service actualHeight - see height block from node " time="2.254">
    </testcase>
  </testsuite>
</testsuites>